HI-TECH Software C Compiler 

Linker command line:

--edf=C:\Program Files\HI-TECH Software\PICC\9.83\dat\en_msgs.txt -cs \
  -h+I2C MASTER.sym -z -Q16F877A -ol.obj -MI2C MASTER.map -E1 \
  -ACONST=00h-0FFhx32 -ACODE=00h-07FFhx4 -ASTRCODE=00h-01FFFh \
  -AENTRY=00h-0FFhx32 -ASTRING=00h-0FFhx32 -ABANK0=020h-06Fh \
  -ABANK1=0A0h-0EFh -ABANK2=0110h-016Fh -ABANK3=0190h-01EFh \
  -ARAM=020h-06Fh,0A0h-0EFh,0110h-016Fh,0190h-01EFh \
  -AABS1=020h-07Fh,0A0h-0EFh,0110h-016Fh,0190h-01EFh -ACOMMON=070h-07Fh \
  -ASFR0=00h-01Fh -ASFR1=080h-09Fh -ASFR2=0100h-010Fh -ASFR3=0180h-018Fh \
  -preset_vec=00h,intentry,init,end_init -ppowerup=CODE -pfunctab=CODE \
  -ACONFIG=02007h-02007h -pconfig=CONFIG -DCONFIG=2 -AIDLOC=02000h-02003h \
  -pidloc=IDLOC -DIDLOC=2 -AEEDATA=00h-0FFh/02100h -peeprom_data=EEDATA \
  -DEEDATA=2 -DCODE=2 -DSTRCODE=2 -DSTRING=2 -DCONST=2 -DENTRY=2 -k \
  startup.obj I2C MASTER.obj 

Object code version is 3.10

Machine type is 16F877A



                Name                               Link     Load   Length Selector   Space Scale
startup.obj     end_init                              0        0        3        0       0
I2C MASTER.obj  config                             2007     2007        1     400E       0
                text156                             6A1      6A1       10      D42       0
                text155                             757      757       2F      EAE       0
                text154                             786      786       2F      F0C       0
                text153                             6B1      6B1       10      D62       0
                text152                             6D1      6D1       11      DA2       0
                text151                             6C1      6C1       10      D82       0
                text150                             708      708       21      E10       0
                text149                             6E2      6E2       13      DC4       0
                maintext                            7B5      7B5       4B      F6A       0
                cstackCOMMON                         77       77        5       70       1
                inittext                            6F5      6F5       13      DEA       0
                dataCOMMON                           70       70        7       70       1
                cinit                               729      729       2E      E52       0
                strings                               3        3       10        6       0
                idataCOMMON                         69A      69A        7      D34       0

TOTAL           Name                               Link     Load   Length     Space
        CLASS   CONST          

        CLASS   CODE           
                end_init                              0        0        3         0
                text156                             6A1      6A1       10         0
                text155                             757      757       2F         0
                text154                             786      786       2F         0
                text153                             6B1      6B1       10         0
                text152                             6D1      6D1       11         0
                text151                             6C1      6C1       10         0
                text150                             708      708       21         0
                text149                             6E2      6E2       13         0
                maintext                            7B5      7B5       4B         0
                inittext                            6F5      6F5       13         0
                cinit                               729      729       2E         0
                idataCOMMON                         69A      69A        7         0

        CLASS   STRCODE        

        CLASS   ENTRY          

        CLASS   STRING         
                strings                               3        3       10         0

        CLASS   BANK0          

        CLASS   BANK1          

        CLASS   BANK2          

        CLASS   BANK3          

        CLASS   RAM            

        CLASS   ABS1           
                abs_s1                               7E       7E        2         1

        CLASS   COMMON         
                cstackCOMMON                         77       77        5         1
                dataCOMMON                           70       70        7         1

        CLASS   SFR0           

        CLASS   SFR1           

        CLASS   SFR2           

        CLASS   SFR3           

        CLASS   CONFIG         
                config                             2007     2007        1         0

        CLASS   IDLOC          

        CLASS   EEDATA         



SEGMENTS        Name                           Load    Length   Top    Selector   Space  Class     Delta

                reset_vec                      000000  000003  000003         0       0  CODE        2
                strings                        000003  000010  000013         6       0  STRING      2
                dataCOMMON                     000070  00000C  00007C        70       1  COMMON      1
                idataCOMMON                    00069A  000007  0006A1       D34       0  CODE        2
                text156                        0006A1  000010  0006B1       D42       0  CODE        2
                text153                        0006B1  000010  0006C1       D62       0  CODE        2
                text151                        0006C1  000010  0006D1       D82       0  CODE        2
                text152                        0006D1  000011  0006E2       DA2       0  CODE        2
                text149                        0006E2  000013  0006F5       DC4       0  CODE        2
                inittext                       0006F5  000013  000708       DEA       0  CODE        2
                text150                        000708  000021  000729       E10       0  CODE        2
                cinit                          000729  00002E  000757       E52       0  CODE        2
                text155                        000757  00002F  000786       EAE       0  CODE        2
                text154                        000786  00002F  0007B5       F0C       0  CODE        2
                maintext                       0007B5  00004B  000800       F6A       0  CODE        2
                config                         002007  000001  002008      400E       0  CONFIG      2


UNUSED ADDRESS RANGES

        Name                Unused          Largest block    Delta
        BANK0            0020-006F             50           1
        BANK1            00A0-00EF             50           1
        BANK2            0110-016F             60           1
        BANK3            0190-01EF             60           1
        CODE             0013-0699            687           2
                         0800-1FFF            800
        COMMON           007C-007D              2           1
        CONST            0013-0699            100           2
                         0800-1FFF            100
        EEDATA           2100-21FF            100           2
        ENTRY            0013-0699            100           2
                         0800-1FFF            100
        IDLOC            2000-2003              4           2
        RAM              0020-006F             50           1
                         00A0-00EF             50
                         0110-016F             60
                         0190-01EF             60
        SFR0             0000-001F             20           1
        SFR1             0080-009F             20           1
        SFR2             0100-010F             10           1
        SFR3             0180-018F             10           1
        STRCODE          0013-0699            687           2
                         0800-1FFF           1800
        STRING           0013-0699            100           2
                         0800-1FFF            100

                                  Symbol Table

??_Lcd_Command              cstackCOMMON 0077
??_Lcd_Data                 cstackCOMMON 0077
??_Lcd_Intialization        cstackCOMMON 007A
??_Lcd_String               cstackCOMMON 007A
??_i2c_Start                cstackCOMMON 0077
??_i2c_Stop                 cstackCOMMON 0077
??_i2c_Wait                 cstackCOMMON 0077
??_i2c_Write                cstackCOMMON 0077
??_main                     cstackCOMMON 007C
?_Lcd_Command               cstackCOMMON 0077
?_Lcd_Data                  cstackCOMMON 0077
?_Lcd_Intialization         cstackCOMMON 0077
?_Lcd_String                cstackCOMMON 0077
?_i2c_Start                 cstackCOMMON 0077
?_i2c_Stop                  cstackCOMMON 0077
?_i2c_Wait                  cstackCOMMON 0077
?_i2c_Write                 cstackCOMMON 0077
?_main                      cstackCOMMON 0077
Lcd_Command@cmd             cstackCOMMON 0079
Lcd_Data@Data               cstackCOMMON 0079
Lcd_String@Str              cstackCOMMON 007B
_CARRY                      (abs)        0018
_EEADR                      (abs)        010D
_EECON1                     (abs)        018C
_EECON2                     (abs)        018D
_EEDATA                     (abs)        010C
_GIE                        (abs)        005F
_Lcd_Command                text155      0757
_Lcd_Data                   text154      0786
_Lcd_Intialization          text149      06E2
_Lcd_String                 text150      0708
_PEN                        (abs)        048A
_PORTC                      (abs)        0007
_PORTD                      (abs)        0008
_RD                         (abs)        0C60
_RD2                        (abs)        0042
_RD3                        (abs)        0043
_SEN                        (abs)        0488
_SSPADD                     (abs)        0093
_SSPBUF                     (abs)        0013
_SSPCON                     (abs)        0014
_SSPCON2                    (abs)        0091
_SSPIF                      (abs)        0063
_SSPSTAT                    (abs)        0094
_TRISC3                     (abs)        043B
_TRISC4                     (abs)        043C
_TRISD                      (abs)        0088
_WR                         (abs)        0C61
_WREN                       (abs)        0C62
__Habs1                     abs1         0000
__Hbank0                    bank0        0000
__Hbank1                    bank1        0000
__Hbank2                    bank2        0000
__Hbank3                    bank3        0000
__Hcinit                    cinit        0000
__Hclrtext                  clrtext      0000
__Hcode                     code         0000
__Hcommon                   common       0000
__Hconfig                   config       2008
__HcstackCOMMON             cstackCOMMON 0000
__HdataCOMMON               dataCOMMON   0000
__Heeprom_data              eeprom_data  0000
__Hend_init                 end_init     0003
__Hfunctab                  functab      0000
__HidataCOMMON              idataCOMMON  0000
__Hidloc                    idloc        0000
__Hinit                     init         0000
__Hinittext                 inittext     0000
__Hintentry                 intentry     0000
__Hmaintext                 maintext     0000
__Hpowerup                  powerup      0000
__Hram                      ram          0000
__Hreset_vec                reset_vec    0000
__Hsfr0                     sfr0         0000
__Hsfr1                     sfr1         0000
__Hsfr2                     sfr2         0000
__Hsfr3                     sfr3         0000
__Hstrings                  strings      0000
__Htext                     text         0000
__Labs1                     abs1         0000
__Lbank0                    bank0        0000
__Lbank1                    bank1        0000
__Lbank2                    bank2        0000
__Lbank3                    bank3        0000
__Lcinit                    cinit        0000
__Lclrtext                  clrtext      0000
__Lcode                     code         0000
__Lcommon                   common       0000
__Lconfig                   config       2007
__LcstackCOMMON             cstackCOMMON 0000
__LdataCOMMON               dataCOMMON   0000
__Leeprom_data              eeprom_data  0000
__Lend_init                 end_init     0000
__Lfunctab                  functab      0000
__LidataCOMMON              idataCOMMON  0000
__Lidloc                    idloc        0000
__Linit                     init         0000
__Linittext                 inittext     0000
__Lintentry                 intentry     0000
__Lmaintext                 maintext     0000
__Lpowerup                  powerup      0000
__Lram                      ram          0000
__Lreset_vec                reset_vec    0000
__Lsfr0                     sfr0         0000
__Lsfr1                     sfr1         0000
__Lsfr2                     sfr2         0000
__Lsfr3                     sfr3         0000
__Lstrings                  strings      0000
__Ltext                     text         0000
__S0                        (abs)        2008
__S1                        (abs)        007C
__S2                        (abs)        0000
__end_of_Lcd_Command        text155      0786
__end_of_Lcd_Data           text154      07B5
__end_of_Lcd_Intialization  text149      06F5
__end_of_Lcd_String         text150      0729
__end_of_i2c_Start          text153      06C1
__end_of_i2c_Stop           text151      06D1
__end_of_i2c_Wait           text156      06B1
__end_of_i2c_Write          text152      06E2
__end_of_main               maintext     0800
__pcstackCOMMON             cstackCOMMON 0077
__pdataCOMMON               dataCOMMON   0070
__pidataCOMMON              idataCOMMON  069A
__pmaintext                 maintext     07B5
__pstrings                  strings      0003
__ptext149                  text149      06E2
__ptext150                  text150      0708
__ptext151                  text151      06C1
__ptext152                  text152      06D1
__ptext153                  text153      06B1
__ptext154                  text154      0786
__ptext155                  text155      0757
__ptext156                  text156      06A1
__ptext157                  text157      0000
__size_of_Lcd_Command       (abs)        0000
__size_of_Lcd_Data          (abs)        0000
__size_of_Lcd_Intialization (abs)        0000
__size_of_Lcd_String        (abs)        0000
__size_of_i2c_Start         (abs)        0000
__size_of_i2c_Stop          (abs)        0000
__size_of_i2c_Wait          (abs)        0000
__size_of_i2c_Write         (abs)        0000
__size_of_main              (abs)        0000
_exit                       init         0000
_i2c_Start                  text153      06B1
_i2c_Stop                   text151      06C1
_i2c_Wait                   text156      06A1
_i2c_Write                  text152      06D1
_k                          dataCOMMON   0070
_main                       maintext     07B5
btemp                       (abs)        007E
end_of_initialization       cinit        0753
i2c_Write@data              cstackCOMMON 0077
init_fetch                  inittext     06F5
init_ram                    inittext     06F9
intlevel0                   functab      0000
intlevel1                   functab      0000
intlevel2                   functab      0000
intlevel3                   functab      0000
intlevel4                   functab      0000
intlevel5                   functab      0000
reset_vec                   reset_vec    0000
start                       init         0000
start_initialization        cinit        0729
wtemp0                      (abs)        007E
